适用于 .NET Framework MSBuild 版本 17.7.2+d6990bcfa

  Copying resources to output directory
  crude_json.vcxproj -> C:\Users\maxweili\MyProjects\MyBlueprintEditor\build\Utils\Json\Release\crude_json.lib
  BlueprintRuntime.vcxproj -> C:\Users\maxweili\MyProjects\MyBlueprintEditor\build\bin\BlueprintRuntime.dll
  imgui.vcxproj -> C:\Users\maxweili\MyProjects\MyBlueprintEditor\build\Release\imgui.lib
  ImGuiNodeEditor.vcxproj -> C:\Users\maxweili\MyProjects\MyBlueprintEditor\build\Release\ImGuiNodeEditor.lib
  dxerr.vcxproj -> C:\Users\maxweili\MyProjects\MyBlueprintEditor\build\Release\dxerr.lib
  Application.vcxproj -> C:\Users\maxweili\MyProjects\MyBlueprintEditor\build\Release\Application.lib
  EditorUI.cpp
  BlueprintEditor.vcxproj -> C:\Users\maxweili\MyProjects\MyBlueprintEditor\build\bin\BlueprintEditor.exe
  basic-interaction-example.vcxproj -> C:\Users\maxweili\MyProjects\MyBlueprintEditor\build\bin\basic-interaction-example.exe
  canvas-example.vcxproj -> C:\Users\maxweili\MyProjects\MyBlueprintEditor\build\bin\canvas-example.exe
  runtime-example.vcxproj -> C:\Users\maxweili\MyProjects\MyBlueprintEditor\build\bin\runtime-example.exe
  simple-example.vcxproj -> C:\Users\maxweili\MyProjects\MyBlueprintEditor\build\bin\simple-example.exe
  widgets-example.vcxproj -> C:\Users\maxweili\MyProjects\MyBlueprintEditor\build\bin\widgets-example.exe
